{
  "test_catalog": [ "Accessories stand", "Acoustic guitar", "Air circulator", "Amp", "Analog kitchen scale", "Anatomical model", "Anchor statue", "Ant farm", "Anthurium plant", "Antique vanity", "Apple chair", "Aries rocking chair", "Aroma pot", "Asteroid", "Automatic washer", "Baby bear", "Baby chair", "Bamboo bench", "Bamboo doll", "Bamboo noodle slide", "Bamboo sphere", "Bamboo-shoot lamp", "Barbell", "Bathroom towel rack", "Beekeeper's hive", "Bidet", "Billiard table", "Bingo wheel", "Birdbath", "Birdhouse", "Board game", "Bone doorplate", "Bonfire", "Book", "Bottled ship", "Box sofa", "Brick oven", "Brick well", "Brine-shrimp aquarium", "Bronze HHA plaque", "Bronze HHA trophy", "Bronze fish trophy", "Broom and dustpan", "Bunk bed", "Bunny Day arch", "Bunny Day basket", "Bunny Day bed", "Bunny Day festive balloons", "Bunny Day glowy garland", "Bunny Day lamp", "Bunny Day merry balloons", "Bunny Day stool", "Bunny Day table", "Bunny Day vanity", "Bunny Day wall clock", "Bunny Day wardrobe", "Bunny Day wreath", "Butter churn", "Cacao tree", "Camp stove", "Campfire", "Campfire cookware", "Camping cot", "Candle", "Candy machine", "Cardboard box", "Cardboard chair", "Cardboard sofa", "Cartoonist's set", "Cat tower", "Cherry-blossom bonsai", "Classic pitcher", "Clay furnace", "Clothesline", "Clothesline pole", "Coconut juice", "Coffee cup", "Coffee grinder", "Colorful wheel", "Cone", "Construction sign", "Cordless phone", "Cotton-candy stall", "Cuckoo clock", "Cute bed", "Cute floor lamp", "Cute music player", "Cute tea table", "Cute wall-mounted clock", "Cutting board", "Cypress bathtub", "Cypress plant", "DAL mug", "DJ's turntable", "Dartboard", "Desk mirror", "Destinations signpost", "Digital alarm clock", "Digital scale", "Diner chair", "Diner counter table", "Diner dining table", "Dinnerware", "Director's chair", "Dish-drying rack", "Document stack", "Doghouse", "Dolly", "Double sofa", "Drink machine", "Drinking fountain", "Drum set", "Drying rack", "Effects rack", "Electric kick scooter", "Electronics kit", "Elephant slide", "Exercise ball", "Famous painting", "Fan palm", "Fax machine", "Firewood", "Fish doorplate", "Fish print", "Fish-drying rack", "Fishing-boat flag", "Fishing-rod stand", "Floating-biotope planter", "Floor light", "Floor seat", "Flowery painting", "Folding chair", "Football", "Fortune-telling set", "Fountain", "Fragrance diffuser", "Fragrance sticks", "Fresh cooler", "Frying pan", "Garbage can", "Garbage pail", "Garden bench", "Garden faucet", "Garden gnome", "Garden lantern", "Garden rock", "Gas range", "Gears", "Globe", "Go board", "Gold HHA plaque", "Golden candlestick", "Gong", "Grasshopper-head model", "Great statue", "Green-leaf pile", "HHA pennant", "Hammock", "Hamster cage", "Handcart", "Handy water cooler", "Hanging terrarium", "Hay bed", "Hearth", "Hermit crab model", "High-end stereo", "Homework set", "Hose reel", "Hourglass", "Imperial decorative shelves", "Imperial partition", "Incense burner", "Inflatable sofa", "Intercom monitor", "Iron doorplate", "Iron garden bench", "Iron wall lamp", "Ironing board", "Ironing set", "Ironwood bed", "Ironwood cart", "Ironwood chair", "Ironwood dresser", "Ironwood kitchenette", "Ironwood low table", "Judge's bell", "Juicy-apple TV", "Kettle", "Kitty litter box", "Knife block", "Lab-experiments set", "Lantern", "Large cardboard boxes", "Lawn mower", "Lecture-hall desk", "Lifeguard chair", "Light switch", "Lighthouse", "Log bench", "Log dining table", "Log round table", "Log stakes", "Log wall-mounted clock", "Macrame tapestry", "Magazine", "Magic kit", "Mama bear", "Mama panda", "Man-faced stink bug model", "Manhole cover", "Mantis-head model", "Marimba", "Menu chalkboard", "Metal can", "Microscope", "Microwave", "Mini DIY workbench", "Mini-cactus set", "Mixer", "Mobile", "Modern office chair", "Mom's tissue box", "Monster statue", "Monstera", "Moss ball", "Mossy garden rock", "Mountain bike", "Mr. Flamingo", "Mrs. Flamingo", "Mum wreath", "Nail-art set", "Natural garden chair", "Natural garden table", "Natural square table", "Newton's cradle", "Nintendo Switch", "Old sewing machine", "Old-fashioned alarm clock", "Old-fashioned washtub", "Outdoor air conditioner", "Outdoor bath", "Outdoor bench", "Outdoor picnic set", "Painting set", "Palm-tree lamp", "Pansy wreath", "Pants press", "Paper kite butterfly model", "Paper tiger", "Parabolic antenna", "Park clock", "Peach chair", "Peach surprise box", "Pedal board", "Pennant", "Pet bed", "Pet food bowl", "Phone box", "Piano bench", "Picnic basket", "Plain sink", "Plain wooden shop sign", "Plastic canister", "Playground gym", "Podium", "Pool", "Poolside bed", "Pop-up toaster", "Popcorn machine", "Portable radio", "Portable record player", "Portable toilet", "Pot", "Potted ivy", "Pro tape recorder", "Public bench", "Pull-up-bar stand", "Punching bag", "Raccoon figurine", "Rattan armchair", "Rattan table lamp", "Rattan wardrobe", "Rattan waste bin", "Record box", "Recycled-can thumb piano", "Retro gas pump", "Revolving spice rack", "Rice cooker", "Ringtoss", "Rock guitar", "Rocket lamp", "Rocking horse", "Rotary phone", "Safe", "Sandbox", "Sauna heater", "School chair", "Sewing machine", "Shaved-ice maker", "Shell lamp", "Shell speaker", "Shell table", "Shower booth", "Silo", "Silver HHA plaque", "Silver HHA trophy", "Silver fish trophy", "Silver mic", "Simple DIY workbench", "Simple kettle", "Simple panel", "Simple well", "Skull doorplate", "Sleeping bag", "Sleigh", "Small cardboard boxes", "Smoker", "Snack machine", "Soccer goal", "Solar panel", "South Pole", "Space shuttle", "Springy ride-on", "Squat toilet", "Stadiometer", "Stall", "Stand mixer", "Standing toilet", "Steamer-basket set", "Stone arch", "Stone stool", "Stone table", "Stone tablet", "Stovetop espresso maker", "Streetlamp", "Studio spotlight", "Sturdy sewing box", "Succulent plant", "Swinging bench", "Synthesizer", "Table lamp", "Table with cloth", "Tatami bed", "Teacup ride", "Telescope", "Tennis table", "Terrarium", "Throwback container", "Throwback dino screen", "Throwback hat table", "Throwback rocket", "Throwback skull radio", "Throwback wrestling figure", "Tiki torch", "Tin bucket", "Tire toy", "Tool cart", "Tool shelf", "Tourist telescope", "Toy box", "Traditional tea set", "Train set", "Trash bags", "Tree branch wreath", "Tree standee", "Tricycle", "Tulip surprise box", "Typewriter", "Ukulele", "Unglazed dish set", "Upright piano", "Upright vacuum", "Utility pole", "Utility sink", "Velvet stool", "Ventilation fan", "Vintage TV tray", "Wall-mounted tool board", "Wasp model", "Water cooler", "Water pump", "Wave breaker", "Weight bench", "Wheelchair", "Wind turbine", "Wobbling Zipper toy", "Wood-burning stove", "Wooden bookshelf", "Wooden bucket", "Wooden chair", "Wooden fish", "Wooden full-length mirror", "Wooden mini table", "Wooden simple bed", "Wooden stool", "Wooden wardrobe", "Wooden-block chair", "Wooden-block chest", "Wooden-block stereo", "Wooden-block table", "Wooden-block toy", "World map", "Writing desk", "Zebra turkeyfish model", "Zen cushion", "Zen-style stone"],
  "test_catalog_for_sale": [ "Accessories stand", "Air circulator", "Amp", "Analog kitchen scale", "Anatomical model", "Ant farm", "Anthurium plant", "Antique vanity", "Automatic washer", "Baby bear", "Baby chair", "Bathroom towel rack", "Bidet", "Billiard table", "Bingo wheel", "Board game", "Book", "Bottled ship", "Box sofa", "Brine-shrimp aquarium", "Broom and dustpan", "Bunk bed", "Cacao tree", "Camp stove", "Campfire cookware", "Camping cot", "Candle", "Candy machine", "Cardboard box", "Cartoonist's set", "Cat tower", "Clay furnace", "Clothesline pole", "Coffee cup", "Coffee grinder", "Colorful wheel", "Cone", "Cordless phone", "Cuckoo clock", "Cute bed", "Cute floor lamp", "Cute music player", "Cute tea table", "Cute wall-mounted clock", "Cypress bathtub", "Cypress plant", "DJ's turntable", "Dartboard", "Desk mirror", "Digital alarm clock", "Digital scale", "Diner chair", "Diner counter table", "Diner dining table", "Dinnerware", "Director's chair", "Dish-drying rack", "Document stack", "Dolly", "Double sofa", "Drum set", "Drying rack", "Effects rack", "Electric kick scooter", "Electronics kit", "Elephant slide", "Exercise ball", "Fan palm", "Fax machine", "Fishing-boat flag", "Floating-biotope planter", "Floor light", "Floor seat", "Folding chair", "Football", "Fortune-telling set", "Fragrance diffuser", "Fragrance sticks", "Garbage can", "Garbage pail", "Garden faucet", "Garden gnome", "Garden lantern", "Gas range", "Gears", "Globe", "Go board", "Grasshopper-head model", "Hammock", "Hamster cage", "Handcart", "Handy water cooler", "High-end stereo", "Homework set", "Hose reel", "Hourglass", "Imperial decorative shelves", "Imperial partition", "Incense burner", "Inflatable sofa", "Intercom monitor", "Ironing board", "Ironing set", "Judge's bell", "Kettle", "Kitty litter box", "Knife block", "Lab-experiments set", "Lantern", "Lawn mower", "Lecture-hall desk", "Light switch", "Macrame tapestry", "Magazine", "Magic kit", "Mama bear", "Mama panda", "Mantis-head model", "Marimba", "Menu chalkboard", "Metal can", "Microscope", "Microwave", "Mini-cactus set", "Mixer", "Mobile", "Modern office chair", "Monstera", "Moss ball", "Mountain bike", "Mr. Flamingo", "Mrs. Flamingo", "Nail-art set", "Newton's cradle", "Nintendo Switch", "Old sewing machine", "Old-fashioned alarm clock", "Outdoor air conditioner", "Outdoor bench", "Painting set", "Pants press", "Paper tiger", "Pedal board", "Pennant", "Pet bed", "Pet food bowl", "Piano bench", "Picnic basket", "Plastic canister", "Podium", "Poolside bed", "Pop-up toaster", "Popcorn machine", "Portable radio", "Portable record player", "Pro tape recorder", "Pull-up-bar stand", "Punching bag", "Rattan armchair", "Rattan table lamp", "Rattan wardrobe", "Rattan waste bin", "Record box", "Retro gas pump", "Revolving spice rack", "Rice cooker", "Rock guitar", "Rocket lamp", "Rotary phone", "Safe", "School chair", "Sewing machine", "Shaved-ice maker", "Shower booth", "Silver mic", "Simple kettle", "Simple panel", "Skull doorplate", "Sleeping bag", "Smoker", "Squat toilet", "Stadiometer", "Stand mixer", "Standing toilet", "Stovetop espresso maker", "Studio spotlight", "Sturdy sewing box", "Synthesizer", "Table lamp", "Table with cloth", "Tatami bed", "Telescope", "Tennis table", "Throwback container", "Throwback dino screen", "Throwback hat table", "Throwback rocket", "Throwback skull radio", "Throwback wrestling figure", "Tin bucket", "Tool cart", "Tool shelf", "Toy box", "Traditional tea set", "Train set", "Tricycle", "Typewriter", "Upright piano", "Upright vacuum", "Utility sink", "Velvet stool", "Ventilation fan", "Vintage TV tray", "Wall-mounted tool board", "Water cooler", "Weight bench", "Wheelchair", "Wood-burning stove", "World map", "Writing desk", "Zen cushion"],
  "test_recipes": [ "Aries rocking chair", "Bunny Day arch", "Bunny Day bag", "Bunny Day bed", "Bunny Day crown", "Bunny Day fence", "Bunny Day festive balloons", "Bunny Day flooring", "Bunny Day glowy garland", "Bunny Day lamp", "Bunny Day merry balloons", "Bunny Day rug", "Bunny Day stool", "Bunny Day table", "Bunny Day vanity", "Bunny Day wall", "Bunny Day wall clock", "Bunny Day wand", "Bunny Day wardrobe", "Bunny Day wreath", "DIY workbench", "Libra scale", "Scorpio lamp", "Taurus bathtub", "aji fry", "anchoas al ajillo", "apple chair", "aroma pot", "axe", "backyard lawn", "bamboo basket", "bamboo candleholder", "bamboo doll", "bamboo floor lamp", "bamboo lunch box", "bamboo noodle slide", "bamboo shelf", "bamboo speaker", "bamboo stopblock", "bamboo wall", "bamboo wall decoration", "bamboo wand", "bamboo-grove wall", "bamboo-shoot lamp", "bamboo-slats fence", "barbed-wire fence", "barbell", "barred-knifejaw carpaccio", "barrel", "basement flooring", "basket pack", "birdbath", "birdhouse", "bonfire", "brick oven", "brick well", "brown sugar", "brown-sugar cupcakes", "campfire", "cardboard table", "carrot cake", "carrot potage", "cherry umbrella", "cherry wall", "cherry-blossom bonsai", "cherry-blossom pochette", "chocolate herringbone wall", "clackercart", "classic pitcher", "classic-library wall", "coconut juice", "coconut wall planter", "corral fence", "country fence", "dark bamboo rug", "dark wooden-mosaic wall", "destinations signpost", "donation box", "drinking fountain", "earth-egg outfit", "earth-egg shell", "earth-egg shoes", "egg party dress", "egg party hat", "falling-snow wall", "fancy mum wreath", "fish bait", "fishing rod", "flimsy axe", "flimsy fishing rod", "flimsy net", "flimsy shovel", "flimsy watering can", "flour", "flower stand", "fossil doorplate", "fountain", "garbage-heap flooring", "garbage-heap wall", "garden bench", "glowing-moss wreath", "gnocchi di patate", "gold helmet", "gold-screen wall", "golden arowana model", "golden gears", "golden toilet", "gong", "grass standee", "green bamboo fence", "green grass skirt", "green-leaf pile", "grilled sea bass with herbs", "hanging terrarium", "hay bed", "hearth", "hedge", "honeycomb wall", "imperial fence", "infused-water dispenser", "iron closet", "iron fence", "iron frame", "iron hanger stand", "iron shelf", "iron wall lamp", "iron wall rack", "iron worktable", "iron-and-stone fence", "ironwood DIY workbench", "ironwood kitchenette", "ironwood low table", "jail bars", "karei no nitsuke", "kettle bathtub", "key holder", "ladder", "large lattice fence", "lattice fence", "leaf", "leaf mask", "leaf umbrella", "leaf-egg outfit", "leaf-egg shell", "leaf-egg shoes", "light bamboo rug", "lily record player", "log extra-long sofa", "log garden lounge", "log pack", "log stakes", "log stool", "manhole cover", "matryoshka", "medicine", "medium wooden partition", "mermaid chair", "mermaid screen", "money flooring", "mossy garden rock", "mush parasol", "mushroom wreath", "music stand", "natural garden chair", "natural garden table", "natural square table", "net", "oil-barrel bathtub", "orange hat", "orange rug", "orange umbrella", "organic bread", "ornament wreath", "outdoor bath", "outdoor picnic set", "palm-tree lamp", "pan flute", "pancakes", "pansy table", "park fence", "peach rug", "peach wall", "pear bed", "pear hat", "pear rug", "pear smoothie", "pear wall", "pear wardrobe", "pesce all'acqua pazza", "pitfall seed", "plain sink", "pot", "pumpkin bagel sandwich", "purple windflower crown", "raccoon figurine", "recycled boots", "recycled-can thumb piano", "robot hero", "rose bed", "rustic-stone wall", "sandy-beach flooring", "sardines in oil", "sauna heater", "sautéed olive flounder", "scarecrow", "sea-bass pie", "seaweed soup", "shell bed", "shell fountain", "shell partition", "shell rug", "shell speaker", "shell stool", "shell table", "shell wand", "shovel", "silo", "simple DIY workbench", "simple well", "simple wooden fence", "sky-egg outfit", "sky-egg shell", "sky-egg shoes", "slingshot", "small cardboard boxes", "spooky garland", "spooky lantern set", "spooky scarecrow", "spooky table", "spooky table setting", "stall", "star wand", "starry wall", "starry-sky wall", "steamer-basket set", "stone arch", "stone axe", "stone fence", "stone table", "stone tablet", "stone wall", "stone-egg outfit", "stone-egg shell", "stone-egg shoes", "stonework kitchen", "succulent plant", "sugar", "sugar crepe", "swinging bench", "tea table", "tiki torch", "tire stack", "tire toy", "tomato curry", "tomato puree", "traditional straw coat", "trash bags", "tree's bounty little tree", "tree's bounty mobile", "trophy case", "tulip surprise box", "tulip wreath", "vaulting pole", "vertical-board fence", "water pump", "water-egg outfit", "water-egg shell", "water-egg shoes", "watering can", "wave breaker", "whole-wheat flour", "windflower fan", "wobbling Zipper toy", "wood-egg outfit", "wood-egg shell", "wood-egg shoes", "wooden bookshelf", "wooden chair", "wooden fish", "wooden full-length mirror", "wooden ladder set-up kit", "wooden mini table", "wooden simple bed", "wooden toolbox", "wooden wardrobe", "wooden waste bin", "wooden-block bench", "wooden-block chest", "wooden-block stereo", "wooden-block table", "wooden-block toy", "wooden-mosaic wall", "zen-style stone"],
  "test_recipes_translate": [ "Bélier à bascule", "arche fête des œufs", "sac fête des œufs", "lit fête des œufs", "coiffe fête des œufs", "clôture fête des œufs", "lot ballons fête des œufs 2", "sol fête des œufs", "guirlande fête des œufs", "lampe fête des œufs", "lot ballons fête des œufs 1", "tapis fête des œufs", "tabouret fête des œufs", "table fête des œufs", "coiffeuse fête des œufs", "mur fête des œufs", "horloge mur. fête des œufs", "baguette fête des œufs", "penderie fête des œufs", "couronne fête des œufs", "établi", "Balance à plateaux", "lampe Scorpion", "baignoire Taureau", "chinchard frit", "plat d'anchois à l'ail", "chaise pomme", "brûle-parfum", "hache", "gazon patio", "corbeille en bambou", "bougeoir en bambou", "boîte à malice en bambou", "lampe de sol en bambou", "panier-repas en bambou", "nagashi-sômen", "étagère en bambou", "enceinte en bambou", "heurtoir en bambou", "mur en bambou", "déco murale en bambou", "baguette bambou", "mur forêt de bambou", "lampe pousse de bambou", "clôture lattes bambou", "clôture de barbelés", "haltère", "carpaccio d'ishidai", "tonneau", "sol de cave", "claie à panier", "bassin à oiseaux", "abri à oiseau", "feu de joie", "four en pierre", "puits en briques", "sucre brun", "plat de cupcakes sucre roux", "feu de camp", "table en carton", "gâteau aux carottes", "potage à la carotte", "parapluie cerises", "mur cerises", "bonsaï cerisier du Japon", "pochette fleur de cerisier", "mur à chevrons chocolat", "chariot de marche", "cruche en terre", "mur bibliothèque classique", "jus de coco", "pot mural noix de coco", "clôture de ferme", "clôture de rondins", "tapis bambou sombre", "mur lambris fin sombre", "poteau indicateur", "boîte à dons", "fontaine-abreuvoir", "tenue œuf terrestre", "coquille d'œuf terrestre", "p. chaussures œuf terrestre", "robe de soirée œuf", "chapeau festif œuf", "mur chute de neige", "couronne chrys. élégante", "appât", "canne à pêche", "hache rudimentaire", "canne à pêche rudimentaire", "filet rudimentaire", "pelle rudimentaire", "arrosoir rudimentaire", "farine", "support de fleurs", "plaque fossile", "fontaine", "sol dépotoir", "mur dépotoir", "banc de parc", "couronne schistostega", "plat de gnocchi p. de terre", "casque en or", "mur paravent", "arowana en or", "engrenage en or", "WC d'or", "gong oriental", "herbe en carton", "clôture bambou vert", "jupe savane verte", "tas de feuilles vertes", "bar grillé aux herbes", "terrarium suspendu", "lit de paille", "âtre", "clôture végétale", "mur rayons de miel", "clôture dynastie orientale", "distributeur d'eau fruitée", "armoire en fer", "clôture en fer", "lot de poutres en fer", "portemanteau en fer", "étagère en fer", "lampe murale en fer", "étagère murale en fer", "établi en fer", "clôture manoir", "établi en bois de fer", "kitchenette en bois de fer", "table basse en bois de fer", "grille de prison", "limande à la sauce soja", "baignoire marmite", "panneau à clés", "échelle", "clôture treillis haute", "clôture en treillis standard", "feuille", "masque feuille", "feuillapluie", "tenue œuf feuillu", "coquille d'œuf feuillu", "p. chaussures œuf feuillu", "tapis bambou clair", "tourne-disque lys", "canapé long tronc", "chaise longue tronc", "claie de portage", "lot de piquets tronc", "tabouret tronc", "plaque d'égout", "série matriochka", "remède", "panneau en bois M", "chaise sirène", "paravent sirène", "sol billets de banque", "pierre de jardin moussue", "parasol champi", "couronne champignons", "pupitre à partition", "chaise de jardin naturelle", "table de jardin naturelle", "table carrée naturelle", "filet", "baignoire baril de pétrole", "chapeau orange", "tapis orange", "parapluie orange", "corbeille de pains bio", "couronne décorative", "bain extérieur", "set de pique-nique", "lampe palmier", "flûte de pan", "pile de pancakes", "table pensée", "clôture aire de jeu", "tapis pêche", "mur pêches", "lit poire", "chapeau poire", "tapis poire", "smoothie à la poire", "mur poires", "armoire poire", "vivaneau poché à l'italienne", "piège", "lavabo simple", "pot", "bagel à la citrouille", "coiffe anémones mauves", "raton laveur", "paire de bottes recyclées", "marimbula en métal recyclé", "robot géant", "lit rose", "mur en pierres traditionnel", "sol plage de sable", "lot conserves de sardines", "poêle de sauna", "cardeau poêlé", "épouvantail", "tourte au bar commun", "soupe aux algues", "lit coquillages", "fontaine coquillages", "paravent coquillages", "tapis coquillage", "haut-parleur coquillages", "siège coquillages", "table coquillages", "baguette coquillage", "pelle", "silo", "établi de bricolage simple", "puits simple", "clôture en bois standard", "tenue œuf aérien", "coquille d'œuf aérien", "p. chaussures œuf aérien", "lance-pierre", "tas de cartons S", "guirlande Halloween", "set de lanternes Halloween", "épouvantail Halloween", "table Halloween", "déco de table Halloween", "stand", "baguette étoile", "mur d'étoiles", "mur ciel étoilé", "set de paniers vapeur", "arche en pierre", "hache de pierre", "muret en pierre sèche", "table en pierre", "pierre gravée", "mur de pierre", "tenue œuf minéral", "coquille d'œuf minéral", "p. chaussures œuf minéral", "cuisine en pierre naturelle", "pot de succulentes", "sucre", "crêpe au sucre", "balancelle", "table à thé", "flambeau", "pile de pneus", "jeu en pneu", "curry à la tomate", "lot de purées de tomate", "manteau en paille", "duo de sacs poubelle", "petit sapin fruits des bois", "mobile fruits des bois", "présentoir à trophée", "boîte à malice tulipe", "couronne tulipes", "perche", "clôture lattes verticales", "pompe à eau", "tenue œuf aquatique", "coquille d'œuf aquatique", "p. chaussures œuf aquatiq.", "arrosoir", "brise-lames", "farine complète", "ventilateur anémone", "ramponeau d'Albin", "tenue œuf boisé", "coquille d'œuf boisé", "p. chaussures œuf boisé", "bibliothèque en bois", "chaise en bois", "mokugyo", "miroir plein pied en bois", "kit installation échelle bois", "mini table en bois", "lit en bois", "caisse à outils en bois", "armoire en bois", "poubelle en bois", "banc blocs de bois", "commode blocs de bois", "hi-fi blocs de bois", "table blocs de bois", "jeu blocs de bois", "mur lambris fin", "pierre tombale japonaise"],
  "test_critters": [ "Atlas moth", "Madagascan sunset moth", "Queen Alexandra's birdwing", "Rajah Brooke's birdwing", "acorn barnacle", "agrias butterfly", "anchovy", "ant", "bagworm", "barred knifejaw", "barreleye", "bitterling", "black bass", "blue marlin", "bluegill", "butterfly fish", "carp", "catfish", "centipede", "char", "cherry salmon", "citrus long-horned beetle", "clown fish", "coelacanth", "common bluebottle", "common butterfly", "crawfish", "crucian carp", "dab", "dace", "darner dragonfly", "diving beetle", "drone beetle", "emperor butterfly", "firefly", "flatworm", "flea", "fly", "football fish", "freshwater goby", "frog", "giant water bug", "golden trout", "goldfish", "great purple emperor", "guppy", "hermit crab", "honeybee", "horned elephant", "horse mackerel", "jewel beetle", "killifish", "koi", "ladybug", "loach", "long locust", "man-faced stink bug", "mantis", "mantis shrimp", "miyama stag", "mole cricket", "moon jellyfish", "moth", "mussel", "neon tetra", "oarfish", "octopus", "olive flounder", "orchid mantis", "pale chub", "paper kite butterfly", "peacock butterfly", "pill bug", "pondskater", "ranchu goldfish", "red snapper", "rosalia batesi beetle", "scallop", "sea anemone", "sea bass", "sea butterfly", "sea grapes", "sea horse", "sea pineapple", "sea urchin", "snail", "snapping turtle", "spider", "squid", "stinkbug", "surgeonfish", "tadpole", "tarantula", "tiger beetle", "tiger butterfly", "tuna", "violin beetle", "walking leaf", "wasp", "wharf roach", "yellow butterfly", "yellow perch", "zebra turkeyfish"],
  "test_critters_translate": [ "아틀라스나방", "마다가스카르비단제비나방", "알렉산드라비단제비나비", "붉은목도리비단나비", "따개비", "아그리아스나비", "멸치", "개미", "도롱이벌레", "돌돔", "데메니기스", "납줄개", "큰입배스", "청새치", "블루길", "나비고기", "잉어", "메기", "지네", "열목어", "산천어", "알락하늘소", "흰동가리", "실러캔스", "청띠제비나비", "배추흰나비", "가재", "붕어", "가자미", "황어", "왕잠자리", "물방개", "풍이", "몰포나비", "반디", "납작벌레", "벼룩", "파리", "초롱아귀", "동사리", "개구리", "물장군", "금송어", "금붕어", "왕오색나비", "구피", "소라게", "꿀벌", "코끼리장수풍뎅이", "전갱이", "비단벌레", "송사리", "비단잉어", "무당벌레", "미꾸라지", "방아깨비", "인면노린재", "사마귀", "갯가재", "사슴벌레", "땅강아지", "보름달물해파리", "나방", "지중해담치", "네온테트라", "산갈치", "문어", "넙치", "연꽃사마귀", "피라미", "왕얼룩나비", "제비나비", "공벌레", "소금쟁이", "난주", "도미", "루리하늘소", "가리비", "말미잘", "농어", "클리오네", "바다포도", "해마", "멍게", "성게", "달팽이", "늑대거북", "거미", "오징어", "노린재", "블루탱", "올챙이", "타란툴라", "길앞잡이", "호랑나비", "다랑어", "바이올린벌레", "잎사귀벌레", "벌", "갯강구", "노랑나비", "옐로우퍼치", "쏠배감펭"],
  "test_reactions": [ "Aggravation", "Agreement", "Apologetic", "Bashfulness", "Cold Chill", "Confident", "Curiosity", "Delight", "Disagreement", "Distress", "Dozing", "Fearful", "Glee", "Greetings", "Happiness", "Joy", "Laughter", "Mischief", "Mistaken", "Pleased", "Pride", "Resignation", "Sadness", "Sheepishness", "Shyness", "Sleepy", "Smirking", "Sneezing", "Sorrow", "Surprise", "Worry"],
  "test_reactions_translate": [ "Wut", "Zustimmung", "Entschuldigung", "Schüchternheit", "Schaudern", "Verlässlichkeit", "Neugier", "Entzücken", "Ablehnung", "Panik", "Einnicken", "Angst", "Begeisterung", "Winken", "Zufriedenheit", "Freude", "Lachen", "Hinterhältigkeit", "Missgeschick", "Begrüßung", "Stolz", "Resignation", "Traurigkeit", "Schmunzeln", "Verlegenheit", "Ermüdung", "Grinsen", "Niesen", "Leid", "Unglaube", "Sorge"],
  "test_music": [ "Agent K.K.", "Bubblegum K.K.", "Café K.K.", "I Love You", "K.K. Adventure", "K.K. Aria", "K.K. Bossa", "K.K. Casbah", "K.K. Cruisin'", "K.K. D&B", "K.K. Dirge", "K.K. Disco", "K.K. Faire", "K.K. Flamenco", "K.K. Folk", "K.K. Gumbo", "K.K. House", "K.K. Island", "K.K. Jongara", "K.K. Mambo", "K.K. Metal", "K.K. Parade", "K.K. Rally", "K.K. Rock", "K.K. Rockabilly", "K.K. Safari", "K.K. Soul", "K.K. Steppe", "K.K. Synth", "K.K. Waltz", "Only Me", "Spring Blossoms", "Stale Cupcakes", "Steep Hill", "To the Edge", "Welcome Horizons"],
  "test_music_translate": [ "けけけいじ", "けけアイドル", "けけパリ", "だいすき", "けけハリウッド", "けけマリア", "けけボッサ", "トルコそんぐ", "アーバンけけ", "ドラムンベース", "こわいうた", "けけディスコ", "ハイサイけけ", "けけフラメンコ", "けけみんよう", "ニューオリンズそんぐ", "けけハウス", "どうぶつのしま", "けけじょんがら", "けけマンボ", "けけメタル", "けけパレード", "けけおんど", "けけロック", "けけビリー", "けけアフロ", "けけソウル", "コサックそんぐ", "けけトロニカ", "けけワルツ", "オンリーミー", "はるのこもれび", "ブルーおにぎり", "にだんざか", "ナミナミ", "みんなあつまれ"]
}
